com.fasterxml.jackson.core:jackson-annotations 2.17.1 compile ok
com.fasterxml.jackson.core:jackson-core 2.17.1 compile ok
com.fasterxml.jackson.core:jackson-databind 2.17.1 compile ok
com.fasterxml.jackson.dataformat:jackson-dataformat-yaml 2.17.1 compile TODO
commons-cli:commons-cli 1.7.0 compile TODO
commons-io:commons-io 2.16.1 test ok
inside::org.springframework:spring-core:5.3.34::cglib:cglib 3.3.0 embedded TODO
inside::org.springframework:spring-core:5.3.34::org.objenesis:objenesis 3.2 embedded TODO
inside::org.springframework:spring-core:5.3.34::org.ow2.asm:asm 9.3 embedded TODO
junit:junit 4.13.2 test ok
net.bytebuddy:byte-buddy 1.14.11 test ok
net.bytebuddy:byte-buddy-agent 1.12.8 test ok
org.apache.logging.log4j:log4j-api 2.23.1 compile TODO
org.apache.logging.log4j:log4j-core 2.23.1 provided TODO
org.assertj:assertj-core 3.25.3 test ok
org.checkerframework:checker-qual 3.42.0 provided TODO
org.evolvis.tartools:background-jobs 1.28-SNAPSHOT compile ok
org.evolvis.tartools:csvfile 3.3-SNAPSHOT compile ok
org.hamcrest:hamcrest-core 1.3 test ok
org.mockito:mockito-core 4.4.0 test ok
org.objenesis:objenesis 3.2 test ok
org.postgresql:postgresql 42.7.3 provided TODO
org.springframework:spring-aop 5.3.34 compile TODO
org.springframework:spring-beans 5.3.34 compile TODO
org.springframework:spring-context 5.3.34 compile TODO
org.springframework:spring-core 5.3.34 compile TODO
org.springframework:spring-expression 5.3.34 compile TODO
org.springframework:spring-jcl 5.3.34 compile TODO
org.springframework:spring-jdbc 5.3.34 compile TODO
org.springframework:spring-tx 5.3.34 compile TODO
org.yaml:snakeyaml 2.2 compile TODO
